2022-01-18T10:02:33.579+0530	DEBUG	handler/auth.go:31	tring to hit get request for https://cloudsso-test.cisco.com/as/authorization.oauth2?response_type=code&client_id=_WSXUserSTG_OAUTHNEW_&scope=%20openid%20profile%20email%20phone&redirect_uri=http://localhost:8080/callback
2022-01-18T10:05:19.411+0530	DEBUG	handler/auth.go:31	tring to hit get request for https://cloudsso-test.cisco.com/as/authorization.oauth2?response_type=code&client_id=_WSXUserSTG_OAUTHNEW_&scope=%20openid%20profile%20email%20phone&redirect_uri=http://localhost:8080/callback
2022-01-18T10:06:03.910+0530	DEBUG	handler/auth.go:31	tring to hit get request for https://cloudsso-test.cisco.com/as/authorization.oauth2?response_type=code&client_id=_WSXUserSTG_OAUTHNEW_&scope=%20openid%20profile%20email%20phone&redirect_uri=http://localhost:8080/callback
2022-01-18T10:06:24.157+0530	DEBUG	handler/auth.go:31	tring to hit get request for https://cloudsso-test.cisco.com/as/authorization.oauth2?response_type=code&client_id=_WSXUserSTG_OAUTHNEW_&scope=%20openid%20profile%20email%20phone&redirect_uri=http://localhost:8080/callback
2022-01-18T10:06:45.769+0530	DEBUG	handler/auth.go:31	tring to hit get request for https://cloudsso-test.cisco.com/as/authorization.oauth2?response_type=code&client_id=_WSXUserSTG_OAUTHNEW_&scope=%20openid%20profile%20email%20phone&redirect_uri=http://localhost:8080/callback
2022-01-18T10:15:28.301+0530	DEBUG	handler/auth.go:31	tring to hit get request for https://cloudsso-test.cisco.com/as/authorization.oauth2?response_type=code&client_id=_WSXUserSTG_OAUTHNEW_&scope=%20openid%20profile%20email%20phone&redirect_uri=http://localhost:8080/callback
2022-01-18T10:35:50.736+0530	DEBUG	handler/auth.go:31	tring to hit get request for https://cloudsso-test.cisco.com/as/authorization.oauth2?response_type=code&client_id=_WSXUserSTG_OAUTHNEW_&scope=%20openid%20profile%20email%20phone&redirect_uri=http://localhost:8080/callback
2022-01-18T10:36:34.575+0530	DEBUG	handler/auth.go:31	tring to hit get request for https://cloudsso-test.cisco.com/as/authorization.oauth2?response_type=code&client_id=_WSXUserSTG_OAUTHNEW_&scope=%20openid%20profile%20email%20phone&redirect_uri=http://localhost:8080/callback
2022-01-18T10:58:38.849+0530	DEBUG	handler/auth.go:31	tring to hit get request for https://cloudsso-test.cisco.com/as/authorization.oauth2?response_type=code&client_id=_WSXUserSTG_OAUTHNEW_&scope=%20openid%20profile%20email%20phone&redirect_uri=http://localhost:8080/callback
2022-01-18T11:09:47.585+0530	DEBUG	handler/auth.go:31	tring to hit get request for https://cloudsso-test.cisco.com/as/authorization.oauth2?response_type=code&client_id=_WSXUserSTG_OAUTHNEW_&scope=%20openid%20profile%20email%20phone&redirect_uri=http://localhost:8080/callback
